components/forms/ClassForm.tsx(39,5): error TS2322: Type 'Resolver<{ name: string; capacity: unknown; gradeId: unknown; id?: unknown; supervisorId?: unknown; }, any, { name: string; capacity: number; gradeId: number; id?: number | undefined; supervisorId?: string | undefined; }>' is not assignable to type 'Resolver<{ name: string; capacity: number; gradeId: number; id?: number | undefined; supervisorId?: string | undefined; }, any, { name: string; capacity: number; gradeId: number; id?: number | undefined; supervisorId?: string | undefined; }>'.
  Types of parameters 'options' and 'options' are incompatible.
    Type 'ResolverOptions<{ name: string; capacity: number; gradeId: number; id?: number | undefined; supervisorId?: string | undefined; }>' is not assignable to type 'ResolverOptions<{ name: string; capacity: unknown; gradeId: unknown; id?: unknown; supervisorId?: unknown; }>'.
      Type 'unknown' is not assignable to type 'number'.
components/forms/ClassForm.tsx(54,16): error TS2345: Argument of type 'TFieldValues' is not assignable to parameter of type '{ name: string; capacity: number; gradeId: number; id?: number | undefined; supervisorId?: string | undefined; }'.
  Type 'FieldValues' is missing the following properties from type '{ name: string; capacity: number; gradeId: number; id?: number | undefined; supervisorId?: string | undefined; }': name, capacity, gradeId
components/forms/ExamForm.tsx(39,5): error TS2322: Type 'Resolver<{ title: string; startTime: unknown; endTime: unknown; lessonId: unknown; id?: unknown; }, any, { title: string; startTime: Date; endTime: Date; lessonId: number; id?: number | undefined; }>' is not assignable to type 'Resolver<{ title: string; startTime: Date; endTime: Date; lessonId: number; id?: number | undefined; }, any, { title: string; startTime: Date; endTime: Date; lessonId: number; id?: number | undefined; }>'.
  Types of parameters 'options' and 'options' are incompatible.
    Type 'ResolverOptions<{ title: string; startTime: Date; endTime: Date; lessonId: number; id?: number | undefined; }>' is not assignable to type 'ResolverOptions<{ title: string; startTime: unknown; endTime: unknown; lessonId: unknown; id?: unknown; }>'.
      Type 'unknown' is not assignable to type 'Date'.
components/forms/ExamForm.tsx(54,16): error TS2345: Argument of type 'TFieldValues' is not assignable to parameter of type '{ title: string; startTime: Date; endTime: Date; lessonId: number; id?: number | undefined; }'.
  Type 'FieldValues' is missing the following properties from type '{ title: string; startTime: Date; endTime: Date; lessonId: number; id?: number | undefined; }': title, startTime, endTime, lessonId
components/forms/StudentForm.tsx(41,5): error TS2322: Type 'Resolver<{ username: string; name: string; surname: string; address: string; bloodType: string; birthday: unknown; sex: "MALE" | "FEMALE"; gradeId: unknown; classId: unknown; parentId: string; id?: string | undefined; password?: string | undefined; email?: string | undefined; phone?: string | undefined; img?: string...' is not assignable to type 'Resolver<{ username: string; name: string; surname: string; address: string; bloodType: string; birthday: Date; sex: "MALE" | "FEMALE"; gradeId: number; classId: number; parentId: string; id?: string | undefined; password?: string | undefined; email?: string | undefined; phone?: string | undefined; img?: string | un...'.
  Types of parameters 'options' and 'options' are incompatible.
    Type 'ResolverOptions<{ username: string; name: string; surname: string; address: string; bloodType: string; birthday: Date; sex: "MALE" | "FEMALE"; gradeId: number; classId: number; parentId: string; id?: string | undefined; password?: string | undefined; email?: string | undefined; phone?: string | undefined; img?: stri...' is not assignable to type 'ResolverOptions<{ username: string; name: string; surname: string; address: string; bloodType: string; birthday: unknown; sex: "MALE" | "FEMALE"; gradeId: unknown; classId: unknown; parentId: string; id?: string | undefined; password?: string | undefined; email?: string | undefined; phone?: string | undefined; img?:...'.
      Type 'unknown' is not assignable to type 'Date'.
components/forms/StudentForm.tsx(57,16): error TS2345: Argument of type 'TFieldValues & { img: any; }' is not assignable to parameter of type '{ username: string; name: string; surname: string; address: string; bloodType: string; birthday: Date; sex: "MALE" | "FEMALE"; gradeId: number; classId: number; parentId: string; id?: string | undefined; password?: string | undefined; email?: string | undefined; phone?: string | undefined; img?: string | undefined; }'.
  Type 'FieldValues & { img: any; }' is missing the following properties from type '{ username: string; name: string; surname: string; address: string; bloodType: string; birthday: Date; sex: "MALE" | "FEMALE"; gradeId: number; classId: number; parentId: string; id?: string | undefined; password?: string | undefined; email?: string | undefined; phone?: string | undefined; img?: string | undefined; }': username, name, surname, address, and 6 more.
components/forms/SubjectForm.tsx(29,5): error TS2322: Type 'Resolver<{ name: string; teachers: string[]; id?: unknown; }, any, { name: string; teachers: string[]; id?: number | undefined; }>' is not assignable to type 'Resolver<{ name: string; teachers: string[]; id?: number | undefined; }, any, { name: string; teachers: string[]; id?: number | undefined; }>'.
  Types of parameters 'options' and 'options' are incompatible.
    Type 'ResolverOptions<{ name: string; teachers: string[]; id?: number | undefined; }>' is not assignable to type 'ResolverOptions<{ name: string; teachers: string[]; id?: unknown; }>'.
      Types of property 'names' are incompatible.
        Type 'string[] | undefined' is not assignable to type '("id" | "name" | "teachers")[] | undefined'.
          Type 'string[]' is not assignable to type '("id" | "name" | "teachers")[]'.
            Type 'string' is not assignable to type '"id" | "name" | "teachers"'.
components/forms/SubjectForm.tsx(44,16): error TS2345: Argument of type 'TFieldValues' is not assignable to parameter of type '{ name: string; teachers: string[]; id?: number | undefined; }'.
  Type 'FieldValues' is missing the following properties from type '{ name: string; teachers: string[]; id?: number | undefined; }': name, teachers
components/forms/TeacherForm.tsx(31,5): error TS2322: Type 'Resolver<{ username: string; name: string; surname: string; address: string; bloodType: string; birthday: unknown; sex: "MALE" | "FEMALE"; id?: string | undefined; password?: string | undefined; email?: string | undefined; phone?: string | undefined; img?: string | undefined; subjects?: string[] | undefined; }, any,...' is not assignable to type 'Resolver<{ username: string; name: string; surname: string; address: string; bloodType: string; birthday: Date; sex: "MALE" | "FEMALE"; id?: string | undefined; password?: string | undefined; email?: string | undefined; phone?: string | undefined; img?: string | undefined; subjects?: string[] | undefined; }, any, { ...'.
  Types of parameters 'options' and 'options' are incompatible.
    Type 'ResolverOptions<{ username: string; name: string; surname: string; address: string; bloodType: string; birthday: Date; sex: "MALE" | "FEMALE"; id?: string | undefined; password?: string | undefined; email?: string | undefined; phone?: string | undefined; img?: string | undefined; subjects?: string[] | undefined; }>' is not assignable to type 'ResolverOptions<{ username: string; name: string; surname: string; address: string; bloodType: string; birthday: unknown; sex: "MALE" | "FEMALE"; id?: string | undefined; password?: string | undefined; email?: string | undefined; phone?: string | undefined; img?: string | undefined; subjects?: string[] | undefined; }>'.
      Types of property 'names' are incompatible.
        Type 'string[] | undefined' is not assignable to type '("email" | "id" | "username" | "name" | "surname" | "phone" | "address" | "img" | "bloodType" | "sex" | "birthday" | "password" | "subjects")[] | undefined'.
          Type 'string[]' is not assignable to type '("email" | "id" | "username" | "name" | "surname" | "phone" | "address" | "img" | "bloodType" | "sex" | "birthday" | "password" | "subjects")[]'.
            Type 'string' is not assignable to type '"email" | "id" | "username" | "name" | "surname" | "phone" | "address" | "img" | "bloodType" | "sex" | "birthday" | "password" | "subjects"'.
components/forms/TeacherForm.tsx(46,16): error TS2345: Argument of type 'TFieldValues & { img: any; }' is not assignable to parameter of type '{ username: string; name: string; surname: string; address: string; bloodType: string; birthday: Date; sex: "MALE" | "FEMALE"; id?: string | undefined; password?: string | undefined; email?: string | undefined; phone?: string | undefined; img?: string | undefined; subjects?: string[] | undefined; }'.
  Type 'FieldValues & { img: any; }' is missing the following properties from type '{ username: string; name: string; surname: string; address: string; bloodType: string; birthday: Date; sex: "MALE" | "FEMALE"; id?: string | undefined; password?: string | undefined; email?: string | undefined; phone?: string | undefined; img?: string | undefined; subjects?: string[] | undefined; }': username, name, surname, address, and 3 more.
